
[TestGenerate/multi_file - 1]
package multifile
// Code generated by mockgengen. DO NOT EDIT.

//go:generate mockgen -destination mock_multifile/mock_multifile.go -package mock_multifile . IFoo,IBar

---

[TestGenerate/multi_mock_set - 1]
package multiset
// Code generated by mockgengen. DO NOT EDIT.

//go:generate mockgen -destination mock_multiset/mock_multiset.go -package mock_multiset . IFoo

---
