
[TestGenerate/multi_file - 1]
package multifile
// Code generated by mockgengen. DO NOT EDIT.

//go:generate go run github.com/utgwkk/mockgengen/cmd/mockgengen -package mock_bar -out ./mock_bar/mock_bar.go . MockBars
var MockBars = []any{
    new(IBar),
}
//go:generate go run github.com/utgwkk/mockgengen/cmd/mockgengen -package mock_foo -out ./mock_foo/mock_foo.go . MockFoos
var MockFoos = []any{
    new(IFoo),
}

---
